
> frontend@0.0.0 build
> tsc -b && vite build

[36mvite v8.0.9 [32mbuilding client environment for production...[36m[39m
[2K
transforming...Ô£ô 77 modules transformed.
rendering chunks...
computing gzip size...
dist/index.html                   0.47 kB Ôöé gzip:   0.30 kB
dist/assets/index-Kh-9Wo1E.css    8.45 kB Ôöé gzip:   2.19 kB
dist/assets/index-BvZj9SvW.js   453.52 kB Ôöé gzip: 129.50 kB

[32mÔ£ô built in 496ms[39m
